// Jest Snapshot v1, https://goo.gl/fbAQLP

exports[`AccountSettingsTab.vue should render correctly on inital render 1`] = `
<div class="account-settings-tab">
  <div class="columns">
    <div class="column is-6">
      <div class="box">
        <!---->
        <p class="title has-text-weight-bold is-4">
          Reset Password
        </p>
        <form>
          <div class="field"><label class="label">New Password</label>
            <div class="control has-icons-right"><input type="password" placeholder="New Password" class="input password">
              <!---->
              <!---->
            </div>
          </div>
          <div class="field"><label class="label">Confirm Password</label>
            <div class="control has-icons-right"><input type="password" placeholder="Confirm Password" class="input confirmation">
              <!---->
              <!---->
            </div>
          </div>
          <div class="field"><label class="label">Clear tokens?</label> <label class="switch"><input type="checkbox" true-value="true"> <span class="slider round is-success"></span></label> <span style="margin-left: 8px;"><strong>Yes</strong></span></div>
          <div class="field" name="fade"><label class="label">Which tokens?</label> <label class="switch"><input type="checkbox" true-value="true" class="two-tone"> <span class="slider round is-success"></span></label> <span style="margin-left: 8px;"><strong>
                                    Clear Login Tokens Only
                                </strong></span></div> <button type="button" class="button save is-primary">
            Update Password
          </button>
        </form>
      </div>
    </div>
  </div>
</div>
`;
